<?xml version="1.0" encoding="utf-8"?><testsuites name="pytest tests"><testsuite name="pytest" errors="0" failures="0" skipped="0" tests="12" time="2.957" timestamp="2025-06-14T12:56:17.110008-05:00" hostname="DESKTOP-R4KPNNQ"><testcase classname="tests.unit.modeling.test_unified_train" name="test_trainer_initialization" time="0.001" /><testcase classname="tests.unit.modeling.test_unified_train" name="test_baseline_scores_exist" time="0.001" /><testcase classname="tests.unit.modeling.test_unified_train" name="test_cpu_model_configs" time="0.001" /><testcase classname="tests.unit.modeling.test_unified_train" name="test_gpu_model_configs" time="0.106" /><testcase classname="tests.unit.modeling.test_unified_train" name="test_enhanced_model_evaluation" time="0.002" /><testcase classname="tests.unit.modeling.test_unified_train" name="test_rolling_window_validation_insufficient_data" time="0.001" /><testcase classname="tests.unit.modeling.test_unified_train" name="test_rolling_window_validation_sufficient_data" time="0.032" /><testcase classname="tests.unit.modeling.test_unified_train" name="test_train_and_evaluate_models" time="0.023" /><testcase classname="tests.unit.modeling.test_unified_train" name="test_run_training_pipeline_with_temp_file" time="0.950" /><testcase classname="tests.unit.modeling.test_unified_train" name="test_gpu_fallback_when_unavailable" time="0.001" /><testcase classname="tests.unit.modeling.test_unified_train" name="test_gpu_model_evaluation_fallback" time="0.001" /><testcase classname="tests.unit.modeling.test_unified_train" name="test_model_name_mapping" time="0.001" /></testsuite></testsuites>